// Jest Snapshot v1, https://goo.gl/fbAQLP

exports[`<App /> renders correctly 1`] = `
<View
  style={
    {
      "flex": 1,
    }
  }
>
  <RNCSafeAreaProvider
    onInsetsChange={[Function]}
    style={
      [
        {
          "flex": 1,
        },
        undefined,
      ]
    }
  >
    <View
      style={
        [
          {
            "backgroundColor": "rgb(242, 242, 242)",
            "flex": 1,
          },
          undefined,
        ]
      }
    >
      <RNSScreenContainer
        onLayout={[Function]}
        style={
          {
            "flex": 1,
          }
        }
      >
        <RNSScreen
          activityState={2}
          collapsable={false}
          gestureResponseDistance={
            {
              "bottom": -1,
              "end": -1,
              "start": -1,
              "top": -1,
            }
          }
          pointerEvents="box-none"
          sheetAllowedDetents="large"
          sheetCornerRadius={-1}
          sheetExpandsWhenScrolledToEdge={true}
          sheetGrabberVisible={false}
          sheetLargestUndimmedDetent="all"
          style={
            {
              "bottom": 0,
              "left": 0,
              "position": "absolute",
              "right": 0,
              "top": 0,
            }
          }
        >
          <View
            collapsable={false}
            style={
              {
                "opacity": 1,
              }
            }
          />
          <View
            accessibilityElementsHidden={false}
            closing={false}
            gestureVelocityImpact={0.3}
            importantForAccessibility="auto"
            onClose={[Function]}
            onGestureBegin={[Function]}
            onGestureCanceled={[Function]}
            onGestureEnd={[Function]}
            onOpen={[Function]}
            onTransition={[Function]}
            pointerEvents="box-none"
            style={
              [
                {
                  "display": "flex",
                  "overflow": undefined,
                },
                {
                  "bottom": 0,
                  "left": 0,
                  "position": "absolute",
                  "right": 0,
                  "top": 0,
                },
              ]
            }
            transitionSpec={
              {
                "close": {
                  "animation": "spring",
                  "config": {
                    "damping": 500,
                    "mass": 3,
                    "overshootClamping": true,
                    "restDisplacementThreshold": 10,
                    "restSpeedThreshold": 10,
                    "stiffness": 1000,
                  },
                },
                "open": {
                  "animation": "spring",
                  "config": {
                    "damping": 500,
                    "mass": 3,
                    "overshootClamping": true,
                    "restDisplacementThreshold": 10,
                    "restSpeedThreshold": 10,
                    "stiffness": 1000,
                  },
                },
              }
            }
          >
            <View
              collapsable={false}
              pointerEvents="box-none"
              style={
                {
                  "flex": 1,
                  "marginTop": 0,
                }
              }
            >
              <View
                collapsable={false}
                handlerTag={2}
                handlerType="PanGestureHandler"
                needsOffscreenAlphaCompositing={false}
                onGestureHandlerEvent={[Function]}
                onGestureHandlerStateChange={[Function]}
                style={
                  {
                    "flex": 1,
                    "transform": [
                      {
                        "translateX": 0,
                      },
                      {
                        "translateX": 0,
                      },
                    ],
                  }
                }
              >
                <View
                  pointerEvents="box-none"
                  style={
                    [
                      {
                        "flex": 1,
                        "overflow": "hidden",
                      },
                      [
                        {
                          "backgroundColor": "rgb(242, 242, 242)",
                        },
                        undefined,
                      ],
                    ]
                  }
                >
                  <View
                    style={
                      {
                        "flex": 1,
                        "flexDirection": "column-reverse",
                      }
                    }
                  >
                    <View
                      style={
                        {
                          "flex": 1,
                        }
                      }
                    >
                      <View
                        style={
                          {
                            "alignItems": "center",
                            "flex": 1,
                          }
                        }
                      >
                        <View
                          style={
                            {
                              "alignItems": "center",
                              "flex": 1,
                              "justifyContent": "center",
                              "paddingTop": 200.1,
                            }
                          }
                        >
                          <Image
                            source={1}
                            style={
                              {
                                "borderRadius": 20,
                                "height": 403.8461538461538,
                                "width": 525,
                              }
                            }
                            testID="welcomeImage"
                          />
                        </View>
                        <View
                          style={
                            {
                              "alignItems": "center",
                              "flex": 1,
                              "justifyContent": "center",
                              "paddingTop": 133.4,
                            }
                          }
                        >
                          <Text
                            style={
                              {
                                "fontSize": 32,
                                "fontWeight": "700",
                                "marginBottom": 15,
                              }
                            }
                          >
                            Emergency Ready
                          </Text>
                          <Text
                            style={
                              {
                                "fontSize": 20,
                              }
                            }
                          >
                            Hazard Reporting
                          </Text>
                        </View>
                        <View
                          style={
                            {
                              "alignItems": "stretch",
                              "flex": 1,
                              "justifyContent": "flex-end",
                              "marginBottom": 80.03999999999999,
                            }
                          }
                        >
                          <View
                            accessibilityState={
                              {
                                "busy": undefined,
                                "checked": undefined,
                                "disabled": undefined,
                                "expanded": undefined,
                                "selected": undefined,
                              }
                            }
                            accessibilityValue={
                              {
                                "max": undefined,
                                "min": undefined,
                                "now": undefined,
                                "text": undefined,
                              }
                            }
                            accessible={true}
                            collapsable={false}
                            focusable={true}
                            onClick={[Function]}
                            onResponderGrant={[Function]}
                            onResponderMove={[Function]}
                            onResponderRelease={[Function]}
                            onResponderTerminate={[Function]}
                            onResponderTerminationRequest={[Function]}
                            onStartShouldSetResponder={[Function]}
                            style={
                              {
                                "backgroundColor": "#FFCC00",
                                "borderRadius": 15,
                                "opacity": 1,
                                "paddingVertical": 12,
                                "width": 600,
                              }
                            }
                            testID="getStartedButton"
                          >
                            <Text
                              style={
                                {
                                  "color": "#1C1C1E",
                                  "fontSize": 20,
                                  "fontWeight": "400",
                                  "textAlign": "center",
                                }
                              }
                            >
                              Get Started
                            </Text>
                          </View>
                        </View>
                      </View>
                    </View>
                  </View>
                </View>
              </View>
            </View>
          </View>
        </RNSScreen>
      </RNSScreenContainer>
      <View
        collapsable={false}
        pointerEvents="box-none"
        style={
          {
            "height": 44,
            "left": 0,
            "position": "absolute",
            "right": 0,
            "top": 0,
            "zIndex": 1,
          }
        }
      />
    </View>
  </RNCSafeAreaProvider>
</View>
`;
